Archive member included to satisfy reference by file (symbol)

c:/program files (x86)/atmel/studio/7.0/toolchain/avr8/avr8-gnu-toolchain/bin/../lib/gcc/avr/5.4.0/avr5\libgcc.a(_udivmodhi4.o)
                              MCAL/TIMER_1/timer_1.o (__udivmodhi4)
c:/program files (x86)/atmel/studio/7.0/toolchain/avr8/avr8-gnu-toolchain/bin/../lib/gcc/avr/5.4.0/avr5\libgcc.a(_exit.o)
                              C:/Program Files (x86)/Atmel/Studio/7.0/Packs/atmel/ATmega_DFP/1.7.374/gcc/dev/atmega32/avr5/crtatmega32.o (exit)
c:/program files (x86)/atmel/studio/7.0/toolchain/avr8/avr8-gnu-toolchain/bin/../lib/gcc/avr/5.4.0/avr5\libgcc.a(_tablejump2.o)
                              MCAL/TIMER_1/timer_1.o (__tablejump2__)
c:/program files (x86)/atmel/studio/7.0/toolchain/avr8/avr8-gnu-toolchain/bin/../lib/gcc/avr/5.4.0/avr5\libgcc.a(_copy_data.o)
                              HAL/KEYPAD/keypad.o (__do_copy_data)
c:/program files (x86)/atmel/studio/7.0/toolchain/avr8/avr8-gnu-toolchain/bin/../lib/gcc/avr/5.4.0/avr5\libgcc.a(_clear_bss.o)
                              APP/app.o (__do_clear_bss)
c:/program files (x86)/atmel/studio/7.0/toolchain/avr8/avr8-gnu-toolchain/bin/../lib/gcc/avr/5.4.0/avr5\libgcc.a(_umulhisi3.o)
                              MCAL/TIMER_1/timer_1.o (__umulhisi3)
c:/program files (x86)/atmel/studio/7.0/toolchain/avr8/avr8-gnu-toolchain/bin/../lib/gcc/avr/5.4.0/../../../../avr/lib/avr5\libc.a(memset.o)
                              HAL/LCD/lcd.o (memset)
c:/program files (x86)/atmel/studio/7.0/toolchain/avr8/avr8-gnu-toolchain/bin/../lib/gcc/avr/5.4.0/../../../../avr/lib/avr5\libc.a(sprintf.o)
                              HAL/LCD/lcd.o (sprintf)
c:/program files (x86)/atmel/studio/7.0/toolchain/avr8/avr8-gnu-toolchain/bin/../lib/gcc/avr/5.4.0/../../../../avr/lib/avr5\libc.a(vfprintf_std.o)
                              c:/program files (x86)/atmel/studio/7.0/toolchain/avr8/avr8-gnu-toolchain/bin/../lib/gcc/avr/5.4.0/../../../../avr/lib/avr5\libc.a(sprintf.o) (vfprintf)
c:/program files (x86)/atmel/studio/7.0/toolchain/avr8/avr8-gnu-toolchain/bin/../lib/gcc/avr/5.4.0/../../../../avr/lib/avr5\libc.a(strnlen_P.o)
                              c:/program files (x86)/atmel/studio/7.0/toolchain/avr8/avr8-gnu-toolchain/bin/../lib/gcc/avr/5.4.0/../../../../avr/lib/avr5\libc.a(vfprintf_std.o) (strnlen_P)
c:/program files (x86)/atmel/studio/7.0/toolchain/avr8/avr8-gnu-toolchain/bin/../lib/gcc/avr/5.4.0/../../../../avr/lib/avr5\libc.a(strnlen.o)
                              c:/program files (x86)/atmel/studio/7.0/toolchain/avr8/avr8-gnu-toolchain/bin/../lib/gcc/avr/5.4.0/../../../../avr/lib/avr5\libc.a(vfprintf_std.o) (strnlen)
c:/program files (x86)/atmel/studio/7.0/toolchain/avr8/avr8-gnu-toolchain/bin/../lib/gcc/avr/5.4.0/../../../../avr/lib/avr5\libc.a(fputc.o)
                              c:/program files (x86)/atmel/studio/7.0/toolchain/avr8/avr8-gnu-toolchain/bin/../lib/gcc/avr/5.4.0/../../../../avr/lib/avr5\libc.a(vfprintf_std.o) (fputc)
c:/program files (x86)/atmel/studio/7.0/toolchain/avr8/avr8-gnu-toolchain/bin/../lib/gcc/avr/5.4.0/../../../../avr/lib/avr5\libc.a(ultoa_invert.o)
                              c:/program files (x86)/atmel/studio/7.0/toolchain/avr8/avr8-gnu-toolchain/bin/../lib/gcc/avr/5.4.0/../../../../avr/lib/avr5\libc.a(vfprintf_std.o) (__ultoa_invert)
c:/program files (x86)/atmel/studio/7.0/toolchain/avr8/avr8-gnu-toolchain/bin/../lib/gcc/avr/5.4.0/avr5\libgcc.a(_prologue.o)
                              c:/program files (x86)/atmel/studio/7.0/toolchain/avr8/avr8-gnu-toolchain/bin/../lib/gcc/avr/5.4.0/../../../../avr/lib/avr5\libc.a(sprintf.o) (__prologue_saves__)
c:/program files (x86)/atmel/studio/7.0/toolchain/avr8/avr8-gnu-toolchain/bin/../lib/gcc/avr/5.4.0/avr5\libgcc.a(_epilogue.o)
                              c:/program files (x86)/atmel/studio/7.0/toolchain/avr8/avr8-gnu-toolchain/bin/../lib/gcc/avr/5.4.0/../../../../avr/lib/avr5\libc.a(sprintf.o) (__epilogue_restores__)

Allocating common symbols
Common symbol       size              file

Local_u16TimeON     0x2               MCAL/TIMER_1/timer_1.o
Local_u16TimeOFF    0x2               MCAL/TIMER_1/timer_1.o
carState            0x1               APP/app.o

Discarded input sections

 .data          0x00000000        0x0 C:/Program Files (x86)/Atmel/Studio/7.0/Packs/atmel/ATmega_DFP/1.7.374/gcc/dev/atmega32/avr5/crtatmega32.o
 .bss           0x00000000        0x0 C:/Program Files (x86)/Atmel/Studio/7.0/Packs/atmel/ATmega_DFP/1.7.374/gcc/dev/atmega32/avr5/crtatmega32.o
 .text          0x00000000        0x0 APP/app.o
 .data          0x00000000        0x0 APP/app.o
 .bss           0x00000000        0x0 APP/app.o
 .debug_info    0x00000000       0x88 APP/app.o
 .debug_abbrev  0x00000000       0x44 APP/app.o
 .debug_aranges
                0x00000000       0x18 APP/app.o
 .debug_line    0x00000000       0x8c APP/app.o
 .debug_str     0x00000000      0x198 APP/app.o
 .comment       0x00000000       0x31 APP/app.o
 COMMON         0x00000000        0x1 APP/app.o
 .text          0x00000000        0x0 HAL/7_SEGMENT/7_segment.o
 .data          0x00000000        0x0 HAL/7_SEGMENT/7_segment.o
 .bss           0x00000000        0x0 HAL/7_SEGMENT/7_segment.o
 .text.seven_segment_initialize
                0x00000000       0x30 HAL/7_SEGMENT/7_segment.o
 .text.seven_segment_write_number
                0x00000000       0x4e HAL/7_SEGMENT/7_segment.o
 .debug_info    0x00000000      0x2fb HAL/7_SEGMENT/7_segment.o
 .debug_abbrev  0x00000000      0x138 HAL/7_SEGMENT/7_segment.o
 .debug_loc     0x00000000      0x19a HAL/7_SEGMENT/7_segment.o
 .debug_aranges
                0x00000000       0x28 HAL/7_SEGMENT/7_segment.o
 .debug_ranges  0x00000000       0x18 HAL/7_SEGMENT/7_segment.o
 .debug_line    0x00000000      0x13d HAL/7_SEGMENT/7_segment.o
 .debug_str     0x00000000      0x2b1 HAL/7_SEGMENT/7_segment.o
 .comment       0x00000000       0x31 HAL/7_SEGMENT/7_segment.o
 .debug_frame   0x00000000       0x50 HAL/7_SEGMENT/7_segment.o
 .text          0x00000000        0x0 HAL/BUTTON/button.o
 .data          0x00000000        0x0 HAL/BUTTON/button.o
 .bss           0x00000000        0x0 HAL/BUTTON/button.o
 .text.BUTTON_inti
                0x00000000        0xe HAL/BUTTON/button.o
 .text.BUTTON_read
                0x00000000       0x80 HAL/BUTTON/button.o
 .debug_info    0x00000000      0x2b9 HAL/BUTTON/button.o
 .debug_abbrev  0x00000000      0x163 HAL/BUTTON/button.o
 .debug_loc     0x00000000      0x1ed HAL/BUTTON/button.o
 .debug_aranges
                0x00000000       0x28 HAL/BUTTON/button.o
 .debug_ranges  0x00000000       0x30 HAL/BUTTON/button.o
 .debug_line    0x00000000      0x15e HAL/BUTTON/button.o
 .debug_str     0x00000000      0x2ed HAL/BUTTON/button.o
 .comment       0x00000000       0x31 HAL/BUTTON/button.o
 .debug_frame   0x00000000       0x58 HAL/BUTTON/button.o
 .text          0x00000000        0x0 HAL/DC_MOTOR/dc_motor.o
 .data          0x00000000        0x0 HAL/DC_MOTOR/dc_motor.o
 .bss           0x00000000        0x0 HAL/DC_MOTOR/dc_motor.o
 .text.dc_motor_initialize
                0x00000000       0x22 HAL/DC_MOTOR/dc_motor.o
 .text.dc_motor_move_right
                0x00000000       0x26 HAL/DC_MOTOR/dc_motor.o
 .text.dc_motor_move_left
                0x00000000       0x26 HAL/DC_MOTOR/dc_motor.o
 .text.dc_motor_stop
                0x00000000       0x26 HAL/DC_MOTOR/dc_motor.o
 .debug_info    0x00000000      0x33f HAL/DC_MOTOR/dc_motor.o
 .debug_abbrev  0x00000000      0x129 HAL/DC_MOTOR/dc_motor.o
 .debug_loc     0x00000000      0x250 HAL/DC_MOTOR/dc_motor.o
 .debug_aranges
                0x00000000       0x38 HAL/DC_MOTOR/dc_motor.o
 .debug_ranges  0x00000000       0x28 HAL/DC_MOTOR/dc_motor.o
 .debug_line    0x00000000      0x188 HAL/DC_MOTOR/dc_motor.o
 .debug_str     0x00000000      0x290 HAL/DC_MOTOR/dc_motor.o
 .comment       0x00000000       0x31 HAL/DC_MOTOR/dc_motor.o
 .debug_frame   0x00000000       0x84 HAL/DC_MOTOR/dc_motor.o
 .text          0x00000000        0x0 HAL/KEYPAD/keypad.o
 .data          0x00000000        0x0 HAL/KEYPAD/keypad.o
 .bss           0x00000000        0x0 HAL/KEYPAD/keypad.o
 .text.keypad_initialize
                0x00000000       0x46 HAL/KEYPAD/keypad.o
 .text.keypad_get_value
                0x00000000       0xd4 HAL/KEYPAD/keypad.o
 .rodata.btn_value
                0x00000000       0x10 HAL/KEYPAD/keypad.o
 .debug_info    0x00000000      0x348 HAL/KEYPAD/keypad.o
 .debug_abbrev  0x00000000      0x152 HAL/KEYPAD/keypad.o
 .debug_loc     0x00000000      0x376 HAL/KEYPAD/keypad.o
 .debug_aranges
                0x00000000       0x28 HAL/KEYPAD/keypad.o
 .debug_ranges  0x00000000       0x18 HAL/KEYPAD/keypad.o
 .debug_line    0x00000000      0x1ae HAL/KEYPAD/keypad.o
 .debug_str     0x00000000      0x30c HAL/KEYPAD/keypad.o
 .comment       0x00000000       0x31 HAL/KEYPAD/keypad.o
 .debug_frame   0x00000000       0x8c HAL/KEYPAD/keypad.o
 .text          0x00000000        0x0 HAL/LCD/lcd.o
 .data          0x00000000        0x0 HAL/LCD/lcd.o
 .bss           0x00000000        0x0 HAL/LCD/lcd.o
 .text.lcd_send_4bits
                0x00000000       0x44 HAL/LCD/lcd.o
 .text.lcd_4bit_send_enable_signal
                0x00000000       0x26 HAL/LCD/lcd.o
 .text.lcd_4bit_send_command
                0x00000000       0x40 HAL/LCD/lcd.o
 .text.lcd_4bit_initialize
                0x00000000       0x7c HAL/LCD/lcd.o
 .text.lcd_4bit_set_cursor
                0x00000000       0x42 HAL/LCD/lcd.o
 .text.lcd_4bit_send_char_data
                0x00000000       0x40 HAL/LCD/lcd.o
 .text.lcd_4bit_send_char_data_pos
                0x00000000       0x26 HAL/LCD/lcd.o
 .text.lcd_4bit_send_string
                0x00000000       0x30 HAL/LCD/lcd.o
 .text.lcd_4bit_send_string_pos
                0x00000000       0x32 HAL/LCD/lcd.o
 .text.lcd_4bit_send_custome_char
                0x00000000       0x68 HAL/LCD/lcd.o
 .rodata.str1.1
                0x00000000        0x3 HAL/LCD/lcd.o
 .text.convert_uint8_to_string
                0x00000000       0x3a HAL/LCD/lcd.o
 .text.convert_uint16_to_string
                0x00000000       0xa6 HAL/LCD/lcd.o
 .text.convert_uint32_to_string
                0x00000000       0x3a HAL/LCD/lcd.o
 .debug_info    0x00000000      0xbda HAL/LCD/lcd.o
 .debug_abbrev  0x00000000      0x1f2 HAL/LCD/lcd.o
 .debug_loc     0x00000000      0xf81 HAL/LCD/lcd.o
 .debug_aranges
                0x00000000       0x80 HAL/LCD/lcd.o
 .debug_ranges  0x00000000       0x90 HAL/LCD/lcd.o
 .debug_line    0x00000000      0x462 HAL/LCD/lcd.o
 .debug_str     0x00000000      0x411 HAL/LCD/lcd.o
 .comment       0x00000000       0x31 HAL/LCD/lcd.o
 .debug_frame   0x00000000      0x1e4 HAL/LCD/lcd.o
 .text          0x00000000        0x0 HAL/LED/led.o
 .data          0x00000000        0x0 HAL/LED/led.o
 .bss           0x00000000        0x0 HAL/LED/led.o
 .text.LED_inti
                0x00000000       0x52 HAL/LED/led.o
 .text.LED_turn_on
                0x00000000       0x54 HAL/LED/led.o
 .text.LED_turn_off
                0x00000000       0x54 HAL/LED/led.o
 .text.LED_toggle
                0x00000000       0x52 HAL/LED/led.o
 .debug_info    0x00000000      0x35b HAL/LED/led.o
 .debug_abbrev  0x00000000      0x113 HAL/LED/led.o
 .debug_loc     0x00000000      0x2ec HAL/LED/led.o
 .debug_aranges
                0x00000000       0x38 HAL/LED/led.o
 .debug_ranges  0x00000000       0x28 HAL/LED/led.o
 .debug_line    0x00000000      0x19f HAL/LED/led.o
 .debug_str     0x00000000      0x2a2 HAL/LED/led.o
 .comment       0x00000000       0x31 HAL/LED/led.o
 .debug_frame   0x00000000       0x94 HAL/LED/led.o
 .text          0x00000000        0x0 HAL/RELAY/relay.o
 .data          0x00000000        0x0 HAL/RELAY/relay.o
 .bss           0x00000000        0x0 HAL/RELAY/relay.o
 .text.relay_initialize
                0x00000000       0x54 HAL/RELAY/relay.o
 .text.relay_turn_on
                0x00000000       0x54 HAL/RELAY/relay.o
 .text.relay_turn_off
                0x00000000       0x54 HAL/RELAY/relay.o
 .debug_info    0x00000000      0x2dc HAL/RELAY/relay.o
 .debug_abbrev  0x00000000      0x113 HAL/RELAY/relay.o
 .debug_loc     0x00000000      0x231 HAL/RELAY/relay.o
 .debug_aranges
                0x00000000       0x30 HAL/RELAY/relay.o
 .debug_ranges  0x00000000       0x20 HAL/RELAY/relay.o
 .debug_line    0x00000000      0x169 HAL/RELAY/relay.o
 .debug_str     0x00000000      0x295 HAL/RELAY/relay.o
 .comment       0x00000000       0x31 HAL/RELAY/relay.o
 .debug_frame   0x00000000       0x74 HAL/RELAY/relay.o
 .text          0x00000000        0x0 main.o
 .data          0x00000000        0x0 main.o
 .bss           0x00000000        0x0 main.o
 .text          0x00000000        0x0 MCAL/ADC/adc.o
 .data          0x00000000        0x0 MCAL/ADC/adc.o
 .bss           0x00000000        0x0 MCAL/ADC/adc.o
 .text.ADC_Init
                0x00000000       0x64 MCAL/ADC/adc.o
 .text.ADC_Read
                0x00000000       0x18 MCAL/ADC/adc.o
 .text.ADC_Interrupt_Enable
                0x00000000        0xa MCAL/ADC/adc.o
 .text.ADC_Interrupt_Disable
                0x00000000        0xa MCAL/ADC/adc.o
 .debug_info    0x00000000      0x217 MCAL/ADC/adc.o
 .debug_abbrev  0x00000000      0x103 MCAL/ADC/adc.o
 .debug_loc     0x00000000       0x8f MCAL/ADC/adc.o
 .debug_aranges
                0x00000000       0x38 MCAL/ADC/adc.o
 .debug_ranges  0x00000000       0x28 MCAL/ADC/adc.o
 .debug_line    0x00000000      0x1b8 MCAL/ADC/adc.o
 .debug_str     0x00000000      0x2b3 MCAL/ADC/adc.o
 .comment       0x00000000       0x31 MCAL/ADC/adc.o
 .debug_frame   0x00000000       0x54 MCAL/ADC/adc.o
 .text          0x00000000        0x0 MCAL/DIO/dio.o
 .data          0x00000000        0x0 MCAL/DIO/dio.o
 .bss           0x00000000        0x0 MCAL/DIO/dio.o
 .text.DIO_pin_direction_init
                0x00000000       0x84 MCAL/DIO/dio.o
 .text.DIO_pin_get_direction_statues
                0x00000000       0x4a MCAL/DIO/dio.o
 .text.DIO_pin_write_logic
                0x00000000       0x80 MCAL/DIO/dio.o
 .text.DIO_pin_read_logic
                0x00000000       0x4a MCAL/DIO/dio.o
 .text.DIO_pin_toggle_logic
                0x00000000       0x40 MCAL/DIO/dio.o
 .text.DIO_pin_initialize
                0x00000000       0x28 MCAL/DIO/dio.o
 .text.DIO_port_direction_initialize
                0x00000000       0x20 MCAL/DIO/dio.o
 .text.DIO_port_get_direction_status
                0x00000000       0x2a MCAL/DIO/dio.o
 .text.DIO_port_write_logic
                0x00000000       0x20 MCAL/DIO/dio.o
 .text.DIO_port_read_logic
                0x00000000       0x2a MCAL/DIO/dio.o
 .text.DIO_port_toggle_logic
                0x00000000       0x24 MCAL/DIO/dio.o
 .data.port_registers
                0x00000000        0x8 MCAL/DIO/dio.o
 .data.pin_registers
                0x00000000        0x8 MCAL/DIO/dio.o
 .data.ddr_registers
                0x00000000        0x8 MCAL/DIO/dio.o
 .debug_info    0x00000000      0x55c MCAL/DIO/dio.o
 .debug_abbrev  0x00000000      0x17e MCAL/DIO/dio.o
 .debug_loc     0x00000000      0x50b MCAL/DIO/dio.o
 .debug_aranges
                0x00000000       0x70 MCAL/DIO/dio.o
 .debug_ranges  0x00000000       0x60 MCAL/DIO/dio.o
 .debug_line    0x00000000      0x3b3 MCAL/DIO/dio.o
 .debug_str     0x00000000      0x3e8 MCAL/DIO/dio.o
 .comment       0x00000000       0x31 MCAL/DIO/dio.o
 .debug_frame   0x00000000       0xd0 MCAL/DIO/dio.o
 .text          0x00000000        0x0 MCAL/INTERRUPT/external_interrup.o
 .data          0x00000000        0x0 MCAL/INTERRUPT/external_interrup.o
 .bss           0x00000000        0x0 MCAL/INTERRUPT/external_interrup.o
 .text.Interrupt_INTx_Enable
                0x00000000       0x3a MCAL/INTERRUPT/external_interrup.o
 .text.Interrupt_INTx_Disable
                0x00000000       0x3a MCAL/INTERRUPT/external_interrup.o
 .text.Interrupt_INTx_Edge_Init
                0x00000000       0xf6 MCAL/INTERRUPT/external_interrup.o
 .text.INT0_SetInterruptHandler
                0x00000000       0x14 MCAL/INTERRUPT/external_interrup.o
 .text.INT1_SetInterruptHandler
                0x00000000       0x14 MCAL/INTERRUPT/external_interrup.o
 .text.INT2_SetInterruptHandler
                0x00000000       0x14 MCAL/INTERRUPT/external_interrup.o
 .text.Interrupt_INTx_SetInterruptHandler
                0x00000000       0x3a MCAL/INTERRUPT/external_interrup.o
 .text.Interrupt_INTx_Pin_Init
                0x00000000       0x10 MCAL/INTERRUPT/external_interrup.o
 .text.EXIT_Interrupts_Init
                0x00000000       0x30 MCAL/INTERRUPT/external_interrup.o
 .text.Interrupt_INTx_DeInit
                0x00000000        0xe MCAL/INTERRUPT/external_interrup.o
 .text          0x00000000        0x0 MCAL/TIMER_0/timer_0.o
 .data          0x00000000        0x0 MCAL/TIMER_0/timer_0.o
 .bss           0x00000000        0x0 MCAL/TIMER_0/timer_0.o
 .text.Timer0_Init
                0x00000000       0x8e MCAL/TIMER_0/timer_0.o
 .text.Timer0_Write_Value
                0x00000000       0x12 MCAL/TIMER_0/timer_0.o
 .text.Timer0_Read_Value
                0x00000000       0x18 MCAL/TIMER_0/timer_0.o
 .text.TMR0_OverFlow_Iterrupt_Enable
                0x00000000       0x20 MCAL/TIMER_0/timer_0.o
 .text.TMR0_OverFlow_Iterrupt_Disable
                0x00000000       0x1a MCAL/TIMER_0/timer_0.o
 .text.TMR0_OC_Iterrupt_Enable
                0x00000000       0x20 MCAL/TIMER_0/timer_0.o
 .text.TMR0_OC_Iterrupt_Disnable
                0x00000000       0x1a MCAL/TIMER_0/timer_0.o
 .text          0x00000000        0x0 MCAL/TIMER_1/timer_1.o
 .data          0x00000000        0x0 MCAL/TIMER_1/timer_1.o
 .bss           0x00000000        0x0 MCAL/TIMER_1/timer_1.o
 .text.TIMER1_Init
                0x00000000      0x2d2 MCAL/TIMER_1/timer_1.o
 .progmem.gcc_sw_table.TIMER1_Init
                0x00000000       0x20 MCAL/TIMER_1/timer_1.o
 .text.TIMER1_Interrupt_Over_Flow_enable
                0x00000000       0x20 MCAL/TIMER_1/timer_1.o
 .text.TIMER1_Interrupt_Over_Flow_Disable
                0x00000000        0xa MCAL/TIMER_1/timer_1.o
 .text.TIMER1_voidSetOCR1A
                0x00000000        0x8 MCAL/TIMER_1/timer_1.o
 .text.TIMER1_voidSetOCR1B
                0x00000000        0x8 MCAL/TIMER_1/timer_1.o
 .text.TIMER1_voidSetICR1
                0x00000000        0x8 MCAL/TIMER_1/timer_1.o
 .text.TIMER1_voidSetTCNT1
                0x00000000        0x8 MCAL/TIMER_1/timer_1.o
 .text.PWM_FreQ_KHz
                0x00000000       0x2c MCAL/TIMER_1/timer_1.o
 .text.PWM_FreQ_Hz
                0x00000000       0x2c MCAL/TIMER_1/timer_1.o
 .text.PWM_SetDuty_Cycle
                0x00000000       0x44 MCAL/TIMER_1/timer_1.o
 .text.TIMER1_Set_CaptureEdge
                0x00000000       0x1a MCAL/TIMER_1/timer_1.o
 .text.TIMER1_Interrupt_COMPA_enable
                0x00000000       0x20 MCAL/TIMER_1/timer_1.o
 .text.TIMER1_Interrupt_COMPA_Disable
                0x00000000        0xa MCAL/TIMER_1/timer_1.o
 .text.TMR1_Interrupt_COMPB_enable
                0x00000000       0x20 MCAL/TIMER_1/timer_1.o
 .text.TMR1_Interrupt_COMPB_Disable
                0x00000000        0xa MCAL/TIMER_1/timer_1.o
 .text.TIMER1_Interrupt_CAPT_enable
                0x00000000       0x12 MCAL/TIMER_1/timer_1.o
 .text.TIMER1_Interrupt_CAPT_Disable
                0x00000000        0xa MCAL/TIMER_1/timer_1.o
 .text.Timer1ICU_InterruptAction
                0x00000000       0x82 MCAL/TIMER_1/timer_1.o
 .text.PWM1_voidRead
                0x00000000       0xb2 MCAL/TIMER_1/timer_1.o
 .bss.Global_u16Flag
                0x00000000        0x2 MCAL/TIMER_1/timer_1.o
 .bss.Global_u16Time3
                0x00000000        0x2 MCAL/TIMER_1/timer_1.o
 .bss.Global_u16Time2
                0x00000000        0x2 MCAL/TIMER_1/timer_1.o
 .bss.Global_u16Time1
                0x00000000        0x2 MCAL/TIMER_1/timer_1.o
 COMMON         0x00000000        0x4 MCAL/TIMER_1/timer_1.o
 .text          0x00000000        0x0 MCAL/UART/uart.o
 .data          0x00000000        0x0 MCAL/UART/uart.o
 .bss           0x00000000        0x0 MCAL/UART/uart.o
 .text.UART_Init
                0x00000000       0x24 MCAL/UART/uart.o
 .text.UART_RX_InterruptEnable
                0x00000000        0x8 MCAL/UART/uart.o
 .text.UART_RX_InterruptDisable
                0x00000000        0x8 MCAL/UART/uart.o
 .text.UART_TX_InterruptEnable
                0x00000000        0x8 MCAL/UART/uart.o
 .text.UART_TX_InterruptDisable
                0x00000000        0x8 MCAL/UART/uart.o
 .text.UART_RX_SetCallBack
                0x00000000        0xa MCAL/UART/uart.o
 .text.UART_TX_SetCallBack
                0x00000000        0xa MCAL/UART/uart.o
 .text.UART_SendByteNoBlock
                0x00000000        0x4 MCAL/UART/uart.o
 .text.UART_ReceiveByteNoBlock
                0x00000000        0x4 MCAL/UART/uart.o
 .text.UART_SendByte
                0x00000000        0x8 MCAL/UART/uart.o
 .text.UART_ReceiveByte
                0x00000000        0x8 MCAL/UART/uart.o
 .text.UART_SendString
                0x00000000       0x26 MCAL/UART/uart.o
 .text.UART_Receive_NoBlock
                0x00000000       0x12 MCAL/UART/uart.o
 .rodata.BaudRateArray
                0x00000000       0x48 MCAL/UART/uart.o
 .text          0x00000000        0x0 c:/program files (x86)/atmel/studio/7.0/toolchain/avr8/avr8-gnu-toolchain/bin/../lib/gcc/avr/5.4.0/avr5\libgcc.a(_udivmodhi4.o)
 .data          0x00000000        0x0 c:/program files (x86)/atmel/studio/7.0/toolchain/avr8/avr8-gnu-toolchain/bin/../lib/gcc/avr/5.4.0/avr5\libgcc.a(_udivmodhi4.o)
 .bss           0x00000000        0x0 c:/program files (x86)/atmel/studio/7.0/toolchain/avr8/avr8-gnu-toolchain/bin/../lib/gcc/avr/5.4.0/avr5\libgcc.a(_udivmodhi4.o)
 .text.libgcc.mul
                0x00000000        0x0 c:/program files (x86)/atmel/studio/7.0/toolchain/avr8/avr8-gnu-toolchain/bin/../lib/gcc/avr/5.4.0/avr5\libgcc.a(_udivmodhi4.o)
 .text.libgcc.div
                0x00000000       0x28 c:/program files (x86)/atmel/studio/7.0/toolchain/avr8/avr8-gnu-toolchain/bin/../lib/gcc/avr/5.4.0/avr5\libgcc.a(_udivmodhi4.o)
 .text.libgcc   0x00000000        0x0 c:/program files (x86)/atmel/studio/7.0/toolchain/avr8/avr8-gnu-toolchain/bin/../lib/gcc/avr/5.4.0/avr5\libgcc.a(_udivmodhi4.o)
 .text.libgcc.prologue
                0x00000000        0x0 c:/program files (x86)/atmel/studio/7.0/toolchain/avr8/avr8-gnu-toolchain/bin/../lib/gcc/avr/5.4.0/avr5\libgcc.a(_udivmodhi4.o)
 .text.libgcc.builtins
                0x00000000        0x0 c:/program files (x86)/atmel/studio/7.0/toolchain/avr8/avr8-gnu-toolchain/bin/../lib/gcc/avr/5.4.0/avr5\libgcc.a(_udivmodhi4.o)
 .text.libgcc.fmul
                0x00000000        0x0 c:/program files (x86)/atmel/studio/7.0/toolchain/avr8/avr8-gnu-toolchain/bin/../lib/gcc/avr/5.4.0/avr5\libgcc.a(_udivmodhi4.o)
 .text.libgcc.fixed
                0x00000000        0x0 c:/program files (x86)/atmel/studio/7.0/toolchain/avr8/avr8-gnu-toolchain/bin/../lib/gcc/avr/5.4.0/avr5\libgcc.a(_udivmodhi4.o)
 .text          0x00000000        0x0 c:/program files (x86)/atmel/studio/7.0/toolchain/avr8/avr8-gnu-toolchain/bin/../lib/gcc/avr/5.4.0/avr5\libgcc.a(_exit.o)
 .data          0x00000000        0x0 c:/program files (x86)/atmel/studio/7.0/toolchain/avr8/avr8-gnu-toolchain/bin/../lib/gcc/avr/5.4.0/avr5\libgcc.a(_exit.o)
 .bss           0x00000000        0x0 c:/program files (x86)/atmel/studio/7.0/toolchain/avr8/avr8-gnu-toolchain/bin/../lib/gcc/avr/5.4.0/avr5\libgcc.a(_exit.o)
 .text.libgcc.mul
                0x00000000        0x0 c:/program files (x86)/atmel/studio/7.0/toolchain/avr8/avr8-gnu-toolchain/bin/../lib/gcc/avr/5.4.0/avr5\libgcc.a(_exit.o)
 .text.libgcc.div
                0x00000000        0x0 c:/program files (x86)/atmel/studio/7.0/toolchain/avr8/avr8-gnu-toolchain/bin/../lib/gcc/avr/5.4.0/avr5\libgcc.a(_exit.o)
 .text.libgcc   0x00000000        0x0 c:/program files (x86)/atmel/studio/7.0/toolchain/avr8/avr8-gnu-toolchain/bin/../lib/gcc/avr/5.4.0/avr5\libgcc.a(_exit.o)
 .text.libgcc.prologue
                0x00000000        0x0 c:/program files (x86)/atmel/studio/7.0/toolchain/avr8/avr8-gnu-toolchain/bin/../lib/gcc/avr/5.4.0/avr5\libgcc.a(_exit.o)
 .text.libgcc.builtins
                0x00000000        0x0 c:/program files (x86)/atmel/studio/7.0/toolchain/avr8/avr8-gnu-toolchain/bin/../lib/gcc/avr/5.4.0/avr5\libgcc.a(_exit.o)
 .text.libgcc.fmul
                0x00000000        0x0 c:/program files (x86)/atmel/studio/7.0/toolchain/avr8/avr8-gnu-toolchain/bin/../lib/gcc/avr/5.4.0/avr5\libgcc.a(_exit.o)
 .text.libgcc.fixed
                0x00000000        0x0 c:/program files (x86)/atmel/studio/7.0/toolchain/avr8/avr8-gnu-toolchain/bin/../lib/gcc/avr/5.4.0/avr5\libgcc.a(_exit.o)
 .text          0x00000000        0x0 c:/program files (x86)/atmel/studio/7.0/toolchain/avr8/avr8-gnu-toolchain/bin/../lib/gcc/avr/5.4.0/avr5\libgcc.a(_tablejump2.o)
 .data          0x00000000        0x0 c:/program files (x86)/atmel/studio/7.0/toolchain/avr8/avr8-gnu-toolchain/bin/../lib/gcc/avr/5.4.0/avr5\libgcc.a(_tablejump2.o)
 .bss           0x00000000        0x0 c:/program files (x86)/atmel/studio/7.0/toolchain/avr8/avr8-gnu-toolchain/bin/../lib/gcc/avr/5.4.0/avr5\libgcc.a(_tablejump2.o)
 .text.libgcc.mul
                0x00000000        0x0 c:/program files (x86)/atmel/studio/7.0/toolchain/avr8/avr8-gnu-toolchain/bin/../lib/gcc/avr/5.4.0/avr5\libgcc.a(_tablejump2.o)
 .text.libgcc.div
                0x00000000        0x0 c:/program files (x86)/atmel/studio/7.0/toolchain/avr8/avr8-gnu-toolchain/bin/../lib/gcc/avr/5.4.0/avr5\libgcc.a(_tablejump2.o)
 .text.libgcc   0x00000000        0xc c:/program files (x86)/atmel/studio/7.0/toolchain/avr8/avr8-gnu-toolchain/bin/../lib/gcc/avr/5.4.0/avr5\libgcc.a(_tablejump2.o)
 .text.libgcc.prologue
                0x00000000        0x0 c:/program files (x86)/atmel/studio/7.0/toolchain/avr8/avr8-gnu-toolchain/bin/../lib/gcc/avr/5.4.0/avr5\libgcc.a(_tablejump2.o)
 .text.libgcc.builtins
                0x00000000        0x0 c:/program files (x86)/atmel/studio/7.0/toolchain/avr8/avr8-gnu-toolchain/bin/../lib/gcc/avr/5.4.0/avr5\libgcc.a(_tablejump2.o)
 .text.libgcc.fmul
                0x00000000        0x0 c:/program files (x86)/atmel/studio/7.0/toolchain/avr8/avr8-gnu-toolchain/bin/../lib/gcc/avr/5.4.0/avr5\libgcc.a(_tablejump2.o)
 .text.libgcc.fixed
                0x00000000        0x0 c:/program files (x86)/atmel/studio/7.0/toolchain/avr8/avr8-gnu-toolchain/bin/../lib/gcc/avr/5.4.0/avr5\libgcc.a(_tablejump2.o)
 .text          0x00000000        0x0 c:/program files (x86)/atmel/studio/7.0/toolchain/avr8/avr8-gnu-toolchain/bin/../lib/gcc/avr/5.4.0/avr5\libgcc.a(_copy_data.o)
 .data          0x00000000        0x0 c:/program files (x86)/atmel/studio/7.0/toolchain/avr8/avr8-gnu-toolchain/bin/../lib/gcc/avr/5.4.0/avr5\libgcc.a(_copy_data.o)
 .bss           0x00000000        0x0 c:/program files (x86)/atmel/studio/7.0/toolchain/avr8/avr8-gnu-toolchain/bin/../lib/gcc/avr/5.4.0/avr5\libgcc.a(_copy_data.o)
 .text.libgcc.mul
                0x00000000        0x0 c:/program files (x86)/atmel/studio/7.0/toolchain/avr8/avr8-gnu-toolchain/bin/../lib/gcc/avr/5.4.0/avr5\libgcc.a(_copy_data.o)
 .text.libgcc.div
                0x00000000        0x0 c:/program files (x86)/atmel/studio/7.0/toolchain/avr8/avr8-gnu-toolchain/bin/../lib/gcc/avr/5.4.0/avr5\libgcc.a(_copy_data.o)
 .text.libgcc   0x00000000        0x0 c:/program files (x86)/atmel/studio/7.0/toolchain/avr8/avr8-gnu-toolchain/bin/../lib/gcc/avr/5.4.0/avr5\libgcc.a(_copy_data.o)
 .text.libgcc.prologue
                0x00000000        0x0 c:/program files (x86)/atmel/studio/7.0/toolchain/avr8/avr8-gnu-toolchain/bin/../lib/gcc/avr/5.4.0/avr5\libgcc.a(_copy_data.o)
 .text.libgcc.builtins
                0x00000000        0x0 c:/program files (x86)/atmel/studio/7.0/toolchain/avr8/avr8-gnu-toolchain/bin/../lib/gcc/avr/5.4.0/avr5\libgcc.a(_copy_data.o)
 .text.libgcc.fmul
                0x00000000        0x0 c:/program files (x86)/atmel/studio/7.0/toolchain/avr8/avr8-gnu-toolchain/bin/../lib/gcc/avr/5.4.0/avr5\libgcc.a(_copy_data.o)
 .text.libgcc.fixed
                0x00000000        0x0 c:/program files (x86)/atmel/studio/7.0/toolchain/avr8/avr8-gnu-toolchain/bin/../lib/gcc/avr/5.4.0/avr5\libgcc.a(_copy_data.o)
 .text          0x00000000        0x0 c:/program files (x86)/atmel/studio/7.0/toolchain/avr8/avr8-gnu-toolchain/bin/../lib/gcc/avr/5.4.0/avr5\libgcc.a(_clear_bss.o)
 .data          0x00000000        0x0 c:/program files (x86)/atmel/studio/7.0/toolchain/avr8/avr8-gnu-toolchain/bin/../lib/gcc/avr/5.4.0/avr5\libgcc.a(_clear_bss.o)
 .bss           0x00000000        0x0 c:/program files (x86)/atmel/studio/7.0/toolchain/avr8/avr8-gnu-toolchain/bin/../lib/gcc/avr/5.4.0/avr5\libgcc.a(_clear_bss.o)
 .text.libgcc.mul
                0x00000000        0x0 c:/program files (x86)/atmel/studio/7.0/toolchain/avr8/avr8-gnu-toolchain/bin/../lib/gcc/avr/5.4.0/avr5\libgcc.a(_clear_bss.o)
 .text.libgcc.div
                0x00000000        0x0 c:/program files (x86)/atmel/studio/7.0/toolchain/avr8/avr8-gnu-toolchain/bin/../lib/gcc/avr/5.4.0/avr5\libgcc.a(_clear_bss.o)
 .text.libgcc   0x00000000        0x0 c:/program files (x86)/atmel/studio/7.0/toolchain/avr8/avr8-gnu-toolchain/bin/../lib/gcc/avr/5.4.0/avr5\libgcc.a(_clear_bss.o)
 .text.libgcc.prologue
                0x00000000        0x0 c:/program files (x86)/atmel/studio/7.0/toolchain/avr8/avr8-gnu-toolchain/bin/../lib/gcc/avr/5.4.0/avr5\libgcc.a(_clear_bss.o)
 .text.libgcc.builtins
                0x00000000        0x0 c:/program files (x86)/atmel/studio/7.0/toolchain/avr8/avr8-gnu-toolchain/bin/../lib/gcc/avr/5.4.0/avr5\libgcc.a(_clear_bss.o)
 .text.libgcc.fmul
                0x00000000        0x0 c:/program files (x86)/atmel/studio/7.0/toolchain/avr8/avr8-gnu-toolchain/bin/../lib/gcc/avr/5.4.0/avr5\libgcc.a(_clear_bss.o)
 .text.libgcc.fixed
                0x00000000        0x0 c:/program files (x86)/atmel/studio/7.0/toolchain/avr8/avr8-gnu-toolchain/bin/../lib/gcc/avr/5.4.0/avr5\libgcc.a(_clear_bss.o)
 .text          0x00000000        0x0 c:/program files (x86)/atmel/studio/7.0/toolchain/avr8/avr8-gnu-toolchain/bin/../lib/gcc/avr/5.4.0/avr5\libgcc.a(_umulhisi3.o)
 .data          0x00000000        0x0 c:/program files (x86)/atmel/studio/7.0/toolchain/avr8/avr8-gnu-toolchain/bin/../lib/gcc/avr/5.4.0/avr5\libgcc.a(_umulhisi3.o)
 .bss           0x00000000        0x0 c:/program files (x86)/atmel/studio/7.0/toolchain/avr8/avr8-gnu-toolchain/bin/../lib/gcc/avr/5.4.0/avr5\libgcc.a(_umulhisi3.o)
 .text.libgcc.mul
                0x00000000       0x1e c:/program files (x86)/atmel/studio/7.0/toolchain/avr8/avr8-gnu-toolchain/bin/../lib/gcc/avr/5.4.0/avr5\libgcc.a(_umulhisi3.o)
 .text.libgcc.div
                0x00000000        0x0 c:/program files (x86)/atmel/studio/7.0/toolchain/avr8/avr8-gnu-toolchain/bin/../lib/gcc/avr/5.4.0/avr5\libgcc.a(_umulhisi3.o)
 .text.libgcc   0x00000000        0x0 c:/program files (x86)/atmel/studio/7.0/toolchain/avr8/avr8-gnu-toolchain/bin/../lib/gcc/avr/5.4.0/avr5\libgcc.a(_umulhisi3.o)
 .text.libgcc.prologue
                0x00000000        0x0 c:/program files (x86)/atmel/studio/7.0/toolchain/avr8/avr8-gnu-toolchain/bin/../lib/gcc/avr/5.4.0/avr5\libgcc.a(_umulhisi3.o)
 .text.libgcc.builtins
                0x00000000        0x0 c:/program files (x86)/atmel/studio/7.0/toolchain/avr8/avr8-gnu-toolchain/bin/../lib/gcc/avr/5.4.0/avr5\libgcc.a(_umulhisi3.o)
 .text.libgcc.fmul
                0x00000000        0x0 c:/program files (x86)/atmel/studio/7.0/toolchain/avr8/avr8-gnu-toolchain/bin/../lib/gcc/avr/5.4.0/avr5\libgcc.a(_umulhisi3.o)
 .text.libgcc.fixed
                0x00000000        0x0 c:/program files (x86)/atmel/studio/7.0/toolchain/avr8/avr8-gnu-toolchain/bin/../lib/gcc/avr/5.4.0/avr5\libgcc.a(_umulhisi3.o)
 .text          0x00000000        0x0 c:/program files (x86)/atmel/studio/7.0/toolchain/avr8/avr8-gnu-toolchain/bin/../lib/gcc/avr/5.4.0/../../../../avr/lib/avr5\libc.a(memset.o)
 .data          0x00000000        0x0 c:/program files (x86)/atmel/studio/7.0/toolchain/avr8/avr8-gnu-toolchain/bin/../lib/gcc/avr/5.4.0/../../../../avr/lib/avr5\libc.a(memset.o)
 .bss           0x00000000        0x0 c:/program files (x86)/atmel/studio/7.0/toolchain/avr8/avr8-gnu-toolchain/bin/../lib/gcc/avr/5.4.0/../../../../avr/lib/avr5\libc.a(memset.o)
 .text.avr-libc
                0x00000000        0xe c:/program files (x86)/atmel/studio/7.0/toolchain/avr8/avr8-gnu-toolchain/bin/../lib/gcc/avr/5.4.0/../../../../avr/lib/avr5\libc.a(memset.o)
 .text          0x00000000        0x0 c:/program files (x86)/atmel/studio/7.0/toolchain/avr8/avr8-gnu-toolchain/bin/../lib/gcc/avr/5.4.0/../../../../avr/lib/avr5\libc.a(sprintf.o)
 .data          0x00000000        0x0 c:/program files (x86)/atmel/studio/7.0/toolchain/avr8/avr8-gnu-toolchain/bin/../lib/gcc/avr/5.4.0/../../../../avr/lib/avr5\libc.a(sprintf.o)
 .bss           0x00000000        0x0 c:/program files (x86)/atmel/studio/7.0/toolchain/avr8/avr8-gnu-toolchain/bin/../lib/gcc/avr/5.4.0/../../../../avr/lib/avr5\libc.a(sprintf.o)
 .text.avr-libc
                0x00000000       0x44 c:/program files (x86)/atmel/studio/7.0/toolchain/avr8/avr8-gnu-toolchain/bin/../lib/gcc/avr/5.4.0/../../../../avr/lib/avr5\libc.a(sprintf.o)
 .comment       0x00000000       0x31 c:/program files (x86)/atmel/studio/7.0/toolchain/avr8/avr8-gnu-toolchain/bin/../lib/gcc/avr/5.4.0/../../../../avr/lib/avr5\libc.a(sprintf.o)
 .text          0x00000000        0x0 c:/program files (x86)/atmel/studio/7.0/toolchain/avr8/avr8-gnu-toolchain/bin/../lib/gcc/avr/5.4.0/../../../../avr/lib/avr5\libc.a(vfprintf_std.o)
 .data          0x00000000        0x0 c:/program files (x86)/atmel/studio/7.0/toolchain/avr8/avr8-gnu-toolchain/bin/../lib/gcc/avr/5.4.0/../../../../avr/lib/avr5\libc.a(vfprintf_std.o)
 .bss           0x00000000        0x0 c:/program files (x86)/atmel/studio/7.0/toolchain/avr8/avr8-gnu-toolchain/bin/../lib/gcc/avr/5.4.0/../../../../avr/lib/avr5\libc.a(vfprintf_std.o)
 .text.avr-libc
                0x00000000      0x3c2 c:/program files (x86)/atmel/studio/7.0/toolchain/avr8/avr8-gnu-toolchain/bin/../lib/gcc/avr/5.4.0/../../../../avr/lib/avr5\libc.a(vfprintf_std.o)
 .comment       0x00000000       0x2d c:/program files (x86)/atmel/studio/7.0/toolchain/avr8/avr8-gnu-toolchain/bin/../lib/gcc/avr/5.4.0/../../../../avr/lib/avr5\libc.a(vfprintf_std.o)
 .text          0x00000000        0x0 c:/program files (x86)/atmel/studio/7.0/toolchain/avr8/avr8-gnu-toolchain/bin/../lib/gcc/avr/5.4.0/../../../../avr/lib/avr5\libc.a(strnlen_P.o)
 .data          0x00000000        0x0 c:/program files (x86)/atmel/studio/7.0/toolchain/avr8/avr8-gnu-toolchain/bin/../lib/gcc/avr/5.4.0/../../../../avr/lib/avr5\libc.a(strnlen_P.o)
 .bss           0x00000000        0x0 c:/program files (x86)/atmel/studio/7.0/toolchain/avr8/avr8-gnu-toolchain/bin/../lib/gcc/avr/5.4.0/../../../../avr/lib/avr5\libc.a(strnlen_P.o)
 .text.avr-libc
                0x00000000       0x16 c:/program files (x86)/atmel/studio/7.0/toolchain/avr8/avr8-gnu-toolchain/bin/../lib/gcc/avr/5.4.0/../../../../avr/lib/avr5\libc.a(strnlen_P.o)
 .text          0x00000000        0x0 c:/program files (x86)/atmel/studio/7.0/toolchain/avr8/avr8-gnu-toolchain/bin/../lib/gcc/avr/5.4.0/../../../../avr/lib/avr5\libc.a(strnlen.o)
 .data          0x00000000        0x0 c:/program files (x86)/atmel/studio/7.0/toolchain/avr8/avr8-gnu-toolchain/bin/../lib/gcc/avr/5.4.0/../../../../avr/lib/avr5\libc.a(strnlen.o)
 .bss           0x00000000        0x0 c:/program files (x86)/atmel/studio/7.0/toolchain/avr8/avr8-gnu-toolchain/bin/../lib/gcc/avr/5.4.0/../../../../avr/lib/avr5\libc.a(strnlen.o)
 .text.avr-libc
                0x00000000       0x16 c:/program files (x86)/atmel/studio/7.0/toolchain/avr8/avr8-gnu-toolchain/bin/../lib/gcc/avr/5.4.0/../../../../avr/lib/avr5\libc.a(strnlen.o)
 .text          0x00000000        0x0 c:/program files (x86)/atmel/studio/7.0/toolchain/avr8/avr8-gnu-toolchain/bin/../lib/gcc/avr/5.4.0/../../../../avr/lib/avr5\libc.a(fputc.o)
 .data          0x00000000        0x0 c:/program files (x86)/atmel/studio/7.0/toolchain/avr8/avr8-gnu-toolchain/bin/../lib/gcc/avr/5.4.0/../../../../avr/lib/avr5\libc.a(fputc.o)
 .bss           0x00000000        0x0 c:/program files (x86)/atmel/studio/7.0/toolchain/avr8/avr8-gnu-toolchain/bin/../lib/gcc/avr/5.4.0/../../../../avr/lib/avr5\libc.a(fputc.o)
 .text.avr-libc
                0x00000000       0x78 c:/program files (x86)/atmel/studio/7.0/toolchain/avr8/avr8-gnu-toolchain/bin/../lib/gcc/avr/5.4.0/../../../../avr/lib/avr5\libc.a(fputc.o)
 .comment       0x00000000       0x31 c:/program files (x86)/atmel/studio/7.0/toolchain/avr8/avr8-gnu-toolchain/bin/../lib/gcc/avr/5.4.0/../../../../avr/lib/avr5\libc.a(fputc.o)
 .text          0x00000000        0x0 c:/program files (x86)/atmel/studio/7.0/toolchain/avr8/avr8-gnu-toolchain/bin/../lib/gcc/avr/5.4.0/../../../../avr/lib/avr5\libc.a(ultoa_invert.o)
 .data          0x00000000        0x0 c:/program files (x86)/atmel/studio/7.0/toolchain/avr8/avr8-gnu-toolchain/bin/../lib/gcc/avr/5.4.0/../../../../avr/lib/avr5\libc.a(ultoa_invert.o)
 .bss           0x00000000        0x0 c:/program files (x86)/atmel/studio/7.0/toolchain/avr8/avr8-gnu-toolchain/bin/../lib/gcc/avr/5.4.0/../../../../avr/lib/avr5\libc.a(ultoa_invert.o)
 .text.avr-libc
                0x00000000       0xbc c:/program files (x86)/atmel/studio/7.0/toolchain/avr8/avr8-gnu-toolchain/bin/../lib/gcc/avr/5.4.0/../../../../avr/lib/avr5\libc.a(ultoa_invert.o)
 .text          0x00000000        0x0 c:/program files (x86)/atmel/studio/7.0/toolchain/avr8/avr8-gnu-toolchain/bin/../lib/gcc/avr/5.4.0/avr5\libgcc.a(_prologue.o)
 .data          0x00000000        0x0 c:/program files (x86)/atmel/studio/7.0/toolchain/avr8/avr8-gnu-toolchain/bin/../lib/gcc/avr/5.4.0/avr5\libgcc.a(_prologue.o)
 .bss           0x00000000        0x0 c:/program files (x86)/atmel/studio/7.0/toolchain/avr8/avr8-gnu-toolchain/bin/../lib/gcc/avr/5.4.0/avr5\libgcc.a(_prologue.o)
 .text.libgcc.mul
                0x00000000        0x0 c:/program files (x86)/atmel/studio/7.0/toolchain/avr8/avr8-gnu-toolchain/bin/../lib/gcc/avr/5.4.0/avr5\libgcc.a(_prologue.o)
 .text.libgcc.div
                0x00000000        0x0 c:/program files (x86)/atmel/studio/7.0/toolchain/avr8/avr8-gnu-toolchain/bin/../lib/gcc/avr/5.4.0/avr5\libgcc.a(_prologue.o)
 .text.libgcc   0x00000000        0x0 c:/program files (x86)/atmel/studio/7.0/toolchain/avr8/avr8-gnu-toolchain/bin/../lib/gcc/avr/5.4.0/avr5\libgcc.a(_prologue.o)
 .text.libgcc.prologue
                0x00000000       0x38 c:/program files (x86)/atmel/studio/7.0/toolchain/avr8/avr8-gnu-toolchain/bin/../lib/gcc/avr/5.4.0/avr5\libgcc.a(_prologue.o)
 .text.libgcc.builtins
                0x00000000        0x0 c:/program files (x86)/atmel/studio/7.0/toolchain/avr8/avr8-gnu-toolchain/bin/../lib/gcc/avr/5.4.0/avr5\libgcc.a(_prologue.o)
 .text.libgcc.fmul
                0x00000000        0x0 c:/program files (x86)/atmel/studio/7.0/toolchain/avr8/avr8-gnu-toolchain/bin/../lib/gcc/avr/5.4.0/avr5\libgcc.a(_prologue.o)
 .text.libgcc.fixed
                0x00000000        0x0 c:/program files (x86)/atmel/studio/7.0/toolchain/avr8/avr8-gnu-toolchain/bin/../lib/gcc/avr/5.4.0/avr5\libgcc.a(_prologue.o)
 .text          0x00000000        0x0 c:/program files (x86)/atmel/studio/7.0/toolchain/avr8/avr8-gnu-toolchain/bin/../lib/gcc/avr/5.4.0/avr5\libgcc.a(_epilogue.o)
 .data          0x00000000        0x0 c:/program files (x86)/atmel/studio/7.0/toolchain/avr8/avr8-gnu-toolchain/bin/../lib/gcc/avr/5.4.0/avr5\libgcc.a(_epilogue.o)
 .bss           0x00000000        0x0 c:/program files (x86)/atmel/studio/7.0/toolchain/avr8/avr8-gnu-toolchain/bin/../lib/gcc/avr/5.4.0/avr5\libgcc.a(_epilogue.o)
 .text.libgcc.mul
                0x00000000        0x0 c:/program files (x86)/atmel/studio/7.0/toolchain/avr8/avr8-gnu-toolchain/bin/../lib/gcc/avr/5.4.0/avr5\libgcc.a(_epilogue.o)
 .text.libgcc.div
                0x00000000        0x0 c:/program files (x86)/atmel/studio/7.0/toolchain/avr8/avr8-gnu-toolchain/bin/../lib/gcc/avr/5.4.0/avr5\libgcc.a(_epilogue.o)
 .text.libgcc   0x00000000        0x0 c:/program files (x86)/atmel/studio/7.0/toolchain/avr8/avr8-gnu-toolchain/bin/../lib/gcc/avr/5.4.0/avr5\libgcc.a(_epilogue.o)
 .text.libgcc.prologue
                0x00000000       0x36 c:/program files (x86)/atmel/studio/7.0/toolchain/avr8/avr8-gnu-toolchain/bin/../lib/gcc/avr/5.4.0/avr5\libgcc.a(_epilogue.o)
 .text.libgcc.builtins
                0x00000000        0x0 c:/program files (x86)/atmel/studio/7.0/toolchain/avr8/avr8-gnu-toolchain/bin/../lib/gcc/avr/5.4.0/avr5\libgcc.a(_epilogue.o)
 .text.libgcc.fmul
                0x00000000        0x0 c:/program files (x86)/atmel/studio/7.0/toolchain/avr8/avr8-gnu-toolchain/bin/../lib/gcc/avr/5.4.0/avr5\libgcc.a(_epilogue.o)
 .text.libgcc.fixed
                0x00000000        0x0 c:/program files (x86)/atmel/studio/7.0/toolchain/avr8/avr8-gnu-toolchain/bin/../lib/gcc/avr/5.4.0/avr5\libgcc.a(_epilogue.o)

Memory Configuration

Name             Origin             Length             Attributes
text             0x00000000         0x00008000         xr
data             0x00800060         0x00000800         rw !x
eeprom           0x00810000         0x00000400         rw !x
fuse             0x00820000         0x00000002         rw !x
lock             0x00830000         0x00000400         rw !x
signature        0x00840000         0x00000400         rw !x
user_signatures  0x00850000         0x00000400         rw !x
*default*        0x00000000         0xffffffff

Linker script and memory map

LOAD C:/Program Files (x86)/Atmel/Studio/7.0/Packs/atmel/ATmega_DFP/1.7.374/gcc/dev/atmega32/avr5/crtatmega32.o
LOAD APP/app.o
LOAD HAL/7_SEGMENT/7_segment.o
LOAD HAL/BUTTON/button.o
LOAD HAL/DC_MOTOR/dc_motor.o
LOAD HAL/KEYPAD/keypad.o
LOAD HAL/LCD/lcd.o
LOAD HAL/LED/led.o
LOAD HAL/RELAY/relay.o
LOAD main.o
LOAD MCAL/ADC/adc.o
LOAD MCAL/DIO/dio.o
LOAD MCAL/INTERRUPT/external_interrup.o
LOAD MCAL/TIMER_0/timer_0.o
LOAD MCAL/TIMER_1/timer_1.o
LOAD MCAL/UART/uart.o
START GROUP
LOAD c:/program files (x86)/atmel/studio/7.0/toolchain/avr8/avr8-gnu-toolchain/bin/../lib/gcc/avr/5.4.0/../../../../avr/lib/avr5\libm.a
END GROUP
START GROUP
LOAD c:/program files (x86)/atmel/studio/7.0/toolchain/avr8/avr8-gnu-toolchain/bin/../lib/gcc/avr/5.4.0/avr5\libgcc.a
LOAD c:/program files (x86)/atmel/studio/7.0/toolchain/avr8/avr8-gnu-toolchain/bin/../lib/gcc/avr/5.4.0/../../../../avr/lib/avr5\libm.a
LOAD c:/program files (x86)/atmel/studio/7.0/toolchain/avr8/avr8-gnu-toolchain/bin/../lib/gcc/avr/5.4.0/../../../../avr/lib/avr5\libc.a
LOAD C:/Program Files (x86)/Atmel/Studio/7.0/Packs/atmel/ATmega_DFP/1.7.374/gcc/dev/atmega32/avr5\libatmega32.a
END GROUP
                0x00000000                __TEXT_REGION_ORIGIN__ = DEFINED (__TEXT_REGION_ORIGIN__)?__TEXT_REGION_ORIGIN__:0x0
                [0x00800060]                __DATA_REGION_ORIGIN__ = DEFINED (__DATA_REGION_ORIGIN__)?__DATA_REGION_ORIGIN__:0x800060
                [0x00008000]                __TEXT_REGION_LENGTH__ = DEFINED (__TEXT_REGION_LENGTH__)?__TEXT_REGION_LENGTH__:0x20000
                [0x00000800]                __DATA_REGION_LENGTH__ = DEFINED (__DATA_REGION_LENGTH__)?__DATA_REGION_LENGTH__:0xffa0
                [0x00000400]                __EEPROM_REGION_LENGTH__ = DEFINED (__EEPROM_REGION_LENGTH__)?__EEPROM_REGION_LENGTH__:0x10000
                [0x00000002]                __FUSE_REGION_LENGTH__ = DEFINED (__FUSE_REGION_LENGTH__)?__FUSE_REGION_LENGTH__:0x400
                0x00000400                __LOCK_REGION_LENGTH__ = DEFINED (__LOCK_REGION_LENGTH__)?__LOCK_REGION_LENGTH__:0x400
                0x00000400                __SIGNATURE_REGION_LENGTH__ = DEFINED (__SIGNATURE_REGION_LENGTH__)?__SIGNATURE_REGION_LENGTH__:0x400
                0x00000400                __USER_SIGNATURE_REGION_LENGTH__ = DEFINED (__USER_SIGNATURE_REGION_LENGTH__)?__USER_SIGNATURE_REGION_LENGTH__:0x400

.hash
 *(.hash)

.dynsym
 *(.dynsym)

.dynstr
 *(.dynstr)

.gnu.version
 *(.gnu.version)

.gnu.version_d
 *(.gnu.version_d)

.gnu.version_r
 *(.gnu.version_r)

.rel.init
 *(.rel.init)

.rela.init
 *(.rela.init)

.rel.text
 *(.rel.text)
 *(.rel.text.*)
 *(.rel.gnu.linkonce.t*)

.rela.text
 *(.rela.text)
 *(.rela.text.*)
 *(.rela.gnu.linkonce.t*)

.rel.fini
 *(.rel.fini)

.rela.fini
 *(.rela.fini)

.rel.rodata
 *(.rel.rodata)
 *(.rel.rodata.*)
 *(.rel.gnu.linkonce.r*)

.rela.rodata
 *(.rela.rodata)
 *(.rela.rodata.*)
 *(.rela.gnu.linkonce.r*)

.rel.data
 *(.rel.data)
 *(.rel.data.*)
 *(.rel.gnu.linkonce.d*)

.rela.data
 *(.rela.data)
 *(.rela.data.*)
 *(.rela.gnu.linkonce.d*)

.rel.ctors
 *(.rel.ctors)

.rela.ctors
 *(.rela.ctors)

.rel.dtors
 *(.rel.dtors)

.rela.dtors
 *(.rela.dtors)

.rel.got
 *(.rel.got)

.rela.got
 *(.rela.got)

.rel.bss
 *(.rel.bss)

.rela.bss
 *(.rela.bss)

.rel.plt
 *(.rel.plt)

.rela.plt
 *(.rela.plt)

.text           0x00000000      0x41e
 *(.vectors)
 .vectors       0x00000000       0x54 C:/Program Files (x86)/Atmel/Studio/7.0/Packs/atmel/ATmega_DFP/1.7.374/gcc/dev/atmega32/avr5/crtatmega32.o
                0x00000000                __vector_default
                0x00000000                __vectors
 *(.vectors)
 *(.progmem.gcc*)
                0x00000054                . = ALIGN (0x2)
                0x00000054                __trampolines_start = .
 *(.trampolines)
 .trampolines   0x00000054        0x0 linker stubs
 *(.trampolines*)
                0x00000054                __trampolines_end = .
 *libprintf_flt.a:*(.progmem.data)
 *libc.a:*(.progmem.data)
 *(.progmem*)
                0x00000054                . = ALIGN (0x2)
 *(.jumptables)
 *(.jumptables*)
 *(.lowtext)
 *(.lowtext*)
                0x00000054                __ctors_start = .
 *(.ctors)
                0x00000054                __ctors_end = .
                0x00000054                __dtors_start = .
 *(.dtors)
                0x00000054                __dtors_end = .
 SORT(*)(.ctors)
 SORT(*)(.dtors)
 *(.init0)
 .init0         0x00000054        0x0 C:/Program Files (x86)/Atmel/Studio/7.0/Packs/atmel/ATmega_DFP/1.7.374/gcc/dev/atmega32/avr5/crtatmega32.o
                0x00000054                __init
 *(.init0)
 *(.init1)
 *(.init1)
 *(.init2)
 .init2         0x00000054        0xc C:/Program Files (x86)/Atmel/Studio/7.0/Packs/atmel/ATmega_DFP/1.7.374/gcc/dev/atmega32/avr5/crtatmega32.o
 *(.init2)
 *(.init3)
 *(.init3)
 *(.init4)
 .init4         0x00000060       0x16 c:/program files (x86)/atmel/studio/7.0/toolchain/avr8/avr8-gnu-toolchain/bin/../lib/gcc/avr/5.4.0/avr5\libgcc.a(_copy_data.o)
                0x00000060                __do_copy_data
 .init4         0x00000076       0x10 c:/program files (x86)/atmel/studio/7.0/toolchain/avr8/avr8-gnu-toolchain/bin/../lib/gcc/avr/5.4.0/avr5\libgcc.a(_clear_bss.o)
                0x00000076                __do_clear_bss
 *(.init4)
 *(.init5)
 *(.init5)
 *(.init6)
 *(.init6)
 *(.init7)
 *(.init7)
 *(.init8)
 *(.init8)
 *(.init9)
 .init9         0x00000086        0x8 C:/Program Files (x86)/Atmel/Studio/7.0/Packs/atmel/ATmega_DFP/1.7.374/gcc/dev/atmega32/avr5/crtatmega32.o
 *(.init9)
 *(.text)
 .text          0x0000008e        0x4 C:/Program Files (x86)/Atmel/Studio/7.0/Packs/atmel/ATmega_DFP/1.7.374/gcc/dev/atmega32/avr5/crtatmega32.o
                0x0000008e                __vector_12
                0x0000008e                __bad_interrupt
                0x0000008e                __vector_17
                0x0000008e                __vector_19
                0x0000008e                __vector_5
                0x0000008e                __vector_4
                0x0000008e                __vector_14
                0x0000008e                __vector_16
                0x0000008e                __vector_18
                0x0000008e                __vector_20
                0x00000092                . = ALIGN (0x2)
 *(.text.*)
 .text.main     0x00000092        0x2 main.o
                0x00000092                main
 .text.__vector_1
                0x00000094       0x52 MCAL/INTERRUPT/external_interrup.o
                0x00000094                __vector_1
 .text.__vector_2
                0x000000e6       0x52 MCAL/INTERRUPT/external_interrup.o
                0x000000e6                __vector_2
 .text.__vector_3
                0x00000138       0x52 MCAL/INTERRUPT/external_interrup.o
                0x00000138                __vector_3
 .text.__vector_11
                0x0000018a       0x52 MCAL/TIMER_0/timer_0.o
                0x0000018a                __vector_11
 .text.__vector_10
                0x000001dc       0x52 MCAL/TIMER_0/timer_0.o
                0x000001dc                __vector_10
 .text.__vector_9
                0x0000022e       0x52 MCAL/TIMER_1/timer_1.o
                0x0000022e                __vector_9
 .text.__vector_7
                0x00000280       0x52 MCAL/TIMER_1/timer_1.o
                0x00000280                __vector_7
 .text.__vector_8
                0x000002d2       0x52 MCAL/TIMER_1/timer_1.o
                0x000002d2                __vector_8
 .text.__vector_6
                0x00000324       0x52 MCAL/TIMER_1/timer_1.o
                0x00000324                __vector_6
 .text.__vector_13
                0x00000376       0x52 MCAL/UART/uart.o
                0x00000376                __vector_13
 .text.__vector_15
                0x000003c8       0x52 MCAL/UART/uart.o
                0x000003c8                __vector_15
                0x0000041a                . = ALIGN (0x2)
 *(.fini9)
 .fini9         0x0000041a        0x0 c:/program files (x86)/atmel/studio/7.0/toolchain/avr8/avr8-gnu-toolchain/bin/../lib/gcc/avr/5.4.0/avr5\libgcc.a(_exit.o)
                0x0000041a                _exit
                0x0000041a                exit
 *(.fini9)
 *(.fini8)
 *(.fini8)
 *(.fini7)
 *(.fini7)
 *(.fini6)
 *(.fini6)
 *(.fini5)
 *(.fini5)
 *(.fini4)
 *(.fini4)
 *(.fini3)
 *(.fini3)
 *(.fini2)
 *(.fini2)
 *(.fini1)
 *(.fini1)
 *(.fini0)
 .fini0         0x0000041a        0x4 c:/program files (x86)/atmel/studio/7.0/toolchain/avr8/avr8-gnu-toolchain/bin/../lib/gcc/avr/5.4.0/avr5\libgcc.a(_exit.o)
 *(.fini0)
                0x0000041e                _etext = .

.data           0x00800060        0x0 load address 0x0000041e
                0x00800060                PROVIDE (__data_start, .)
 *(.data)
 *(.data*)
 *(.gnu.linkonce.d*)
 *(.rodata)
 *(.rodata*)
 *(.gnu.linkonce.r*)
                0x00800060                . = ALIGN (0x2)
                0x00800060                _edata = .
                0x00800060                PROVIDE (__data_end, .)

.bss            0x00800060       0x16
                0x00800060                PROVIDE (__bss_start, .)
 *(.bss)
 *(.bss*)
 .bss.INT2_InterruptHandler
                0x00800060        0x2 MCAL/INTERRUPT/external_interrup.o
 .bss.INT1_InterruptHandler
                0x00800062        0x2 MCAL/INTERRUPT/external_interrup.o
 .bss.INT0_InterruptHandler
                0x00800064        0x2 MCAL/INTERRUPT/external_interrup.o
 .bss.tmr0_OC_interruptHandler
                0x00800066        0x2 MCAL/TIMER_0/timer_0.o
 .bss.tmr0_overFlow_interruptHandler
                0x00800068        0x2 MCAL/TIMER_0/timer_0.o
 .bss.TMR1_InterriptCAPT
                0x0080006a        0x2 MCAL/TIMER_1/timer_1.o
 .bss.TMR1_InterriptComB
                0x0080006c        0x2 MCAL/TIMER_1/timer_1.o
 .bss.TMR1_InterriptComA
                0x0080006e        0x2 MCAL/TIMER_1/timer_1.o
 .bss.TMR1_InterriptOveFlow
                0x00800070        0x2 MCAL/TIMER_1/timer_1.o
 .bss.UART_TX_Fptr
                0x00800072        0x2 MCAL/UART/uart.o
 .bss.UART_RX_Fptr
                0x00800074        0x2 MCAL/UART/uart.o
 *(COMMON)
                0x00800076                PROVIDE (__bss_end, .)
                0x0000041e                __data_load_start = LOADADDR (.data)
                0x0000041e                __data_load_end = (__data_load_start + SIZEOF (.data))

.noinit         0x00800076        0x0
                [!provide]                PROVIDE (__noinit_start, .)
 *(.noinit*)
                [!provide]                PROVIDE (__noinit_end, .)
                0x00800076                _end = .
                [!provide]                PROVIDE (__heap_start, .)

.eeprom         0x00810000        0x0
 *(.eeprom*)
                0x00810000                __eeprom_end = .

.fuse
 *(.fuse)
 *(.lfuse)
 *(.hfuse)
 *(.efuse)

.lock
 *(.lock*)

.signature
 *(.signature*)

.user_signatures
 *(.user_signatures*)

.stab
 *(.stab)

.stabstr
 *(.stabstr)

.stab.excl
 *(.stab.excl)

.stab.exclstr
 *(.stab.exclstr)

.stab.index
 *(.stab.index)

.stab.indexstr
 *(.stab.indexstr)

.comment        0x00000000       0x30
 *(.comment)
 .comment       0x00000000       0x30 main.o
                                 0x31 (size before relaxing)
 .comment       0x00000030       0x31 MCAL/INTERRUPT/external_interrup.o
 .comment       0x00000030       0x31 MCAL/TIMER_0/timer_0.o
 .comment       0x00000030       0x31 MCAL/TIMER_1/timer_1.o
 .comment       0x00000030       0x31 MCAL/UART/uart.o

.note.gnu.avr.deviceinfo
                0x00000000       0x3c
 .note.gnu.avr.deviceinfo
                0x00000000       0x3c C:/Program Files (x86)/Atmel/Studio/7.0/Packs/atmel/ATmega_DFP/1.7.374/gcc/dev/atmega32/avr5/crtatmega32.o

.note.gnu.build-id
 *(.note.gnu.build-id)

.debug
 *(.debug)

.line
 *(.line)

.debug_srcinfo
 *(.debug_srcinfo)

.debug_sfnames
 *(.debug_sfnames)

.debug_aranges  0x00000000      0x260
 *(.debug_aranges)
 .debug_aranges
                0x00000000       0x20 main.o
 .debug_aranges
                0x00000020       0x80 MCAL/INTERRUPT/external_interrup.o
 .debug_aranges
                0x000000a0       0x60 MCAL/TIMER_0/timer_0.o
 .debug_aranges
                0x00000100       0xd0 MCAL/TIMER_1/timer_1.o
 .debug_aranges
                0x000001d0       0x90 MCAL/UART/uart.o

.debug_pubnames
 *(.debug_pubnames)

.debug_info     0x00000000     0x1a45
 *(.debug_info .gnu.linkonce.wi.*)
 .debug_info    0x00000000      0x4e6 C:/Program Files (x86)/Atmel/Studio/7.0/Packs/atmel/ATmega_DFP/1.7.374/gcc/dev/atmega32/avr5/crtatmega32.o
 .debug_info    0x000004e6       0x7d main.o
 .debug_info    0x00000563      0x59d MCAL/INTERRUPT/external_interrup.o
 .debug_info    0x00000b00      0x3d4 MCAL/TIMER_0/timer_0.o
 .debug_info    0x00000ed4      0x85b MCAL/TIMER_1/timer_1.o
 .debug_info    0x0000172f      0x316 MCAL/UART/uart.o

.debug_abbrev   0x00000000      0xae9
 *(.debug_abbrev)
 .debug_abbrev  0x00000000      0x4a3 C:/Program Files (x86)/Atmel/Studio/7.0/Packs/atmel/ATmega_DFP/1.7.374/gcc/dev/atmega32/avr5/crtatmega32.o
 .debug_abbrev  0x000004a3       0x49 main.o
 .debug_abbrev  0x000004ec      0x186 MCAL/INTERRUPT/external_interrup.o
 .debug_abbrev  0x00000672      0x103 MCAL/TIMER_0/timer_0.o
 .debug_abbrev  0x00000775      0x211 MCAL/TIMER_1/timer_1.o
 .debug_abbrev  0x00000986      0x163 MCAL/UART/uart.o

.debug_line     0x00000000     0x1386
 *(.debug_line .debug_line.* .debug_line_end)
 .debug_line    0x00000000      0x116 C:/Program Files (x86)/Atmel/Studio/7.0/Packs/atmel/ATmega_DFP/1.7.374/gcc/dev/atmega32/avr5/crtatmega32.o
 .debug_line    0x00000116       0x39 main.o
 .debug_line    0x0000014f      0x52e MCAL/INTERRUPT/external_interrup.o
 .debug_line    0x0000067d      0x2ac MCAL/TIMER_0/timer_0.o
 .debug_line    0x00000929      0x81b MCAL/TIMER_1/timer_1.o
 .debug_line    0x00001144      0x242 MCAL/UART/uart.o

.debug_frame    0x00000000      0x77c
 *(.debug_frame)
 .debug_frame   0x00000000       0x24 main.o
 .debug_frame   0x00000024      0x1c8 MCAL/INTERRUPT/external_interrup.o
 .debug_frame   0x000001ec      0x134 MCAL/TIMER_0/timer_0.o
 .debug_frame   0x00000320      0x2b8 MCAL/TIMER_1/timer_1.o
 .debug_frame   0x000005d8      0x1a4 MCAL/UART/uart.o

.debug_str      0x00000000     0x1090
 *(.debug_str)
 .debug_str     0x00000000      0x196 C:/Program Files (x86)/Atmel/Studio/7.0/Packs/atmel/ATmega_DFP/1.7.374/gcc/dev/atmega32/avr5/crtatmega32.o
 .debug_str     0x00000196      0x135 main.o
                                0x169 (size before relaxing)
 .debug_str     0x000002cb      0x365 MCAL/INTERRUPT/external_interrup.o
                                0x4d8 (size before relaxing)
 .debug_str     0x00000630      0x305 MCAL/TIMER_0/timer_0.o
                                0x4b0 (size before relaxing)
 .debug_str     0x00000935      0x5c9 MCAL/TIMER_1/timer_1.o
                                0x77c (size before relaxing)
 .debug_str     0x00000efe      0x192 MCAL/UART/uart.o
                                0x31e (size before relaxing)

.debug_loc      0x00000000     0x19fd
 *(.debug_loc)
 .debug_loc     0x00000000      0x8c4 MCAL/INTERRUPT/external_interrup.o
 .debug_loc     0x000008c4      0x414 MCAL/TIMER_0/timer_0.o
 .debug_loc     0x00000cd8      0xa3f MCAL/TIMER_1/timer_1.o
 .debug_loc     0x00001717      0x2e6 MCAL/UART/uart.o

.debug_macinfo
 *(.debug_macinfo)

.debug_weaknames
 *(.debug_weaknames)

.debug_funcnames
 *(.debug_funcnames)

.debug_typenames
 *(.debug_typenames)

.debug_varnames
 *(.debug_varnames)

.debug_pubtypes
 *(.debug_pubtypes)

.debug_ranges   0x00000000      0x258
 *(.debug_ranges)
 .debug_ranges  0x00000000       0x10 main.o
 .debug_ranges  0x00000010       0x70 MCAL/INTERRUPT/external_interrup.o
 .debug_ranges  0x00000080       0x50 MCAL/TIMER_0/timer_0.o
 .debug_ranges  0x000000d0      0x108 MCAL/TIMER_1/timer_1.o
 .debug_ranges  0x000001d8       0x80 MCAL/UART/uart.o

.debug_macro
 *(.debug_macro)
OUTPUT(test_1.elf elf32-avr)
LOAD linker stubs
